\BOOKMARK [1][-]{section.1}{\376\377\133\236\232\214\166\356\166\204}{}% 1
\BOOKMARK [1][-]{section.2}{\376\377\133\236\232\214\136\163\123\360\116\016\123\302\200\003\147\145\156\220}{}% 2
\BOOKMARK [1][-]{section.3}{\376\377\225\356\230\230\143\317\217\360\116\016\173\227\154\325\213\276\213\241}{}% 3
\BOOKMARK [2][-]{subsection.3.1}{\376\377\225\356\230\230\133\232\116\111}{section.3}% 4
\BOOKMARK [2][-]{subsection.3.2}{\376\377\145\160\143\156\226\306\162\171\137\201}{section.3}% 5
\BOOKMARK [2][-]{subsection.3.3}{\376\377\173\227\154\325\220\011\142\351\377\032\000R\000e\000p\000e\000a\000t\000e\000d\000\040\000D\000i\000j\000k\000s\000t\000r\000a}{section.3}% 6
\BOOKMARK [2][-]{subsection.3.4}{\376\377\000D\000i\000j\000k\000s\000t\000r\000a\173\227\154\325\133\236\163\260}{section.3}% 7
\BOOKMARK [1][-]{section.4}{\376\377\136\166\210\114\123\026\173\126\165\145}{}% 8
\BOOKMARK [2][-]{subsection.4.1}{\376\377\136\166\210\114\122\006\211\343}{section.4}% 9
\BOOKMARK [2][-]{subsection.4.2}{\376\377\150\070\137\303\116\343\170\001}{section.4}% 10
\BOOKMARK [2][-]{subsection.4.3}{\376\377\215\037\217\175\127\107\210\141\122\006\147\220}{section.4}% 11
\BOOKMARK [1][-]{section.5}{\376\377\133\236\232\214\176\323\147\234\116\016\122\006\147\220}{}% 12
\BOOKMARK [2][-]{subsection.5.1}{\376\377\217\320\210\114\145\366\225\364}{section.5}% 13
\BOOKMARK [2][-]{subsection.5.2}{\376\377\122\240\220\037\153\324\116\016\136\166\210\114\145\110\163\207}{section.5}% 14
\BOOKMARK [2][-]{subsection.5.3}{\376\377\217\320\210\114\145\366\225\364\160\355\122\233\126\376}{section.5}% 15
\BOOKMARK [1][-]{section.6}{\376\377\145\160\143\156\226\306\162\171\137\201\133\371\136\166\210\114\140\047\200\375\166\204\137\161\124\315\122\006\147\220}{}% 16
\BOOKMARK [1][-]{section.7}{\376\377\232\214\213\301\116\016\155\113\213\325}{}% 17
\BOOKMARK [2][-]{subsection.7.1}{\376\377\153\143\170\156\140\047\232\214\213\301\145\271\154\325}{section.7}% 18
\BOOKMARK [2][-]{subsection.7.2}{\376\377\232\214\213\301\176\323\147\234}{section.7}% 19
\BOOKMARK [1][-]{section.8}{\376\377\213\250\213\272}{}% 20
\BOOKMARK [2][-]{subsection.8.1}{\376\377\214\003\136\246\173\126\165\145\166\204\220\011\142\351}{section.8}% 21
\BOOKMARK [2][-]{subsection.8.2}{\376\377\116\016\164\006\213\272\230\204\147\037\166\204\133\371\153\324}{section.8}% 22
\BOOKMARK [1][-]{section.9}{\376\377\176\323\213\272}{}% 23
