\BOOKMARK [1][-]{section.1}{\376\377\133\236\232\214\166\356\166\204}{}% 1
\BOOKMARK [1][-]{section.2}{\376\377\133\236\232\214\136\163\123\360\116\016\123\302\200\003\147\145\156\220}{}% 2
\BOOKMARK [1][-]{section.3}{\376\377\173\054\116\000\220\350\122\006\377\032\000M\000P\000I\136\166\210\114\137\353\220\037\120\205\221\314\123\366\123\330\143\142}{}% 3
\BOOKMARK [2][-]{subsection.3.1}{\376\377\116\062\210\114\000F\000F\000T\173\227\154\325\122\006\147\220}{section.3}% 4
\BOOKMARK [2][-]{subsection.3.2}{\376\377\000M\000P\000I\136\166\210\114\123\026\173\126\165\145}{section.3}% 5
\BOOKMARK [2][-]{subsection.3.3}{\376\377\150\070\137\303\116\343\170\001\133\236\163\260}{section.3}% 6
\BOOKMARK [2][-]{subsection.3.4}{\376\377\133\236\232\214\176\323\147\234}{section.3}% 7
\BOOKMARK [3][-]{subsubsection.3.4.1}{\376\377\217\320\210\114\145\366\225\364\122\006\147\220}{subsection.3.4}% 8
\BOOKMARK [3][-]{subsubsection.3.4.2}{\376\377\174\276\136\246\232\214\213\301}{subsection.3.4}% 9
\BOOKMARK [3][-]{subsubsection.3.4.3}{\376\377\176\323\147\234\213\250\213\272}{subsection.3.4}% 10
\BOOKMARK [1][-]{section.4}{\376\377\173\054\116\214\220\350\122\006\377\032\000p\000a\000r\000a\000l\000l\000e\000l\000\137\000f\000o\000r\136\166\210\114\136\224\165\050\122\006\147\220}{}% 11
\BOOKMARK [2][-]{subsection.4.1}{\376\377\123\357\142\151\134\125\140\047\122\006\147\220}{section.4}% 12
\BOOKMARK [3][-]{subsubsection.4.1.1}{\376\377\217\320\210\114\145\366\225\364\122\006\147\220}{subsection.4.1}% 13
\BOOKMARK [3][-]{subsubsection.4.1.2}{\376\377\214\003\136\246\145\271\137\017\133\371\153\324}{subsection.4.1}% 14
\BOOKMARK [2][-]{subsection.4.2}{\376\377\000V\000a\000l\000g\000r\000i\000n\000d\000\040\000M\000a\000s\000s\000i\000f\121\205\133\130\122\006\147\220}{section.4}% 15
\BOOKMARK [3][-]{subsubsection.4.2.1}{\376\377\122\006\147\220\145\271\154\325}{subsection.4.2}% 16
\BOOKMARK [3][-]{subsubsection.4.2.2}{\376\377\121\205\133\130\155\210\200\027\122\006\147\220}{subsection.4.2}% 17
\BOOKMARK [1][-]{section.5}{\376\377\232\214\213\301\116\016\155\113\213\325}{}% 18
\BOOKMARK [2][-]{subsection.5.1}{\376\377\000F\000F\000T\153\143\170\156\140\047\232\214\213\301}{section.5}% 19
\BOOKMARK [2][-]{subsection.5.2}{\376\377\000H\000e\000a\000t\000e\000d\000\040\000P\000l\000a\000t\000e\153\143\170\156\140\047\232\214\213\301}{section.5}% 20
\BOOKMARK [1][-]{section.6}{\376\377\176\323\213\272}{}% 21
